main.c:59:6:display7SEG	16	static
main.c:109:6:updateClockBuffer	4	static
main.c:116:6:update7SEG	16	static
main.c:145:6:updateLEDMatrix	16	static
main.c:184:6:shiftLeftMatrix	16	static
main.c:198:6:setTimer1	16	static
main.c:204:6:setTimer0	16	static
main.c:210:6:timerRun	4	static
main.c:232:5:main	8	static
main.c:307:6:SystemClock_Config	72	static
main.c:343:13:MX_TIM2_Init	32	static
main.c:388:13:MX_GPIO_Init	32	static
main.c:437:6:HAL_TIM_PeriodElapsedCallback	16	static
main.c:447:6:Error_Handler	4	static,ignoring_inline_asm
